// Jest Snapshot v1, https://goo.gl/fbAQLP

exports[`<Button /> should correctly render component 1`] = `
<button
  className="sc-dlfnbm llEsIk"
  onClick={[Function]}
>
  Button
</button>
`;
